0 {'none': (0, 0), 'influencer': (432, 3), 'distributed': (205, 398), 'random_k': (0, 3)}
1 {'none': (0, 0), 'influencer': (260, 3), 'distributed': (190, 380), 'random_k': (0, 3)}
2 {'none': (0, 0), 'influencer': (536, 3), 'distributed': (240, 468), 'random_k': (0, 3)}
3 {'none': (0, 0), 'influencer': (439, 3), 'distributed': (254, 544), 'random_k': (8, 3)}
4 {'none': (0, 0), 'influencer': (152, 3), 'distributed': (212, 305), 'random_k': (0, 3)}
5 {'none': (0, 0), 'influencer': (353, 3), 'distributed': (209, 382), 'random_k': (1, 3)}
6 {'none': (0, 0), 'influencer': (275, 3), 'distributed': (196, 543), 'random_k': (4, 3)}
7 {'none': (0, 0), 'influencer': (211, 3), 'distributed': (219, 369), 'random_k': (0, 3)}
8 {'none': (0, 0), 'influencer': (361, 3), 'distributed': (296, 450), 'random_k': (13, 3)}
9 {'none': (0, 0), 'influencer': (240, 3), 'distributed': (189, 335), 'random_k': (0, 3)}
10 {'none': (0, 0), 'influencer': (263, 3), 'distributed': (260, 264), 'random_k': (1, 3)}
11 {'none': (0, 0), 'influencer': (391, 3), 'distributed': (158, 353), 'random_k': (0, 3)}
12 {'none': (0, 0), 'influencer': (258, 3), 'distributed': (215, 396), 'random_k': (0, 3)}
13 {'none': (0, 0), 'influencer': (294, 3), 'distributed': (223, 319), 'random_k': (1, 3)}
14 {'none': (0, 0), 'influencer': (271, 3), 'distributed': (343, 374), 'random_k': (2, 3)}
15 {'none': (0, 0), 'influencer': (158, 3), 'distributed': (327, 268), 'random_k': (6, 3)}
16 {'none': (0, 0), 'influencer': (406, 3), 'distributed': (206, 279), 'random_k': (0, 3)}
17 {'none': (0, 0), 'influencer': (303, 3), 'distributed': (214, 471), 'random_k': (1, 3)}
18 {'none': (0, 0), 'influencer': (230, 3), 'distributed': (345, 454), 'random_k': (1, 3)}
19 {'none': (0, 0), 'influencer': (229, 3), 'distributed': (225, 340), 'random_k': (0, 3)}
20 {'none': (0, 0), 'influencer': (234, 3), 'distributed': (280, 227), 'random_k': (0, 3)}
21 {'none': (0, 0), 'influencer': (291, 3), 'distributed': (196, 278), 'random_k': (0, 3)}
22 {'none': (0, 0), 'influencer': (268, 3), 'distributed': (252, 400), 'random_k': (1, 3)}
23 {'none': (0, 0), 'influencer': (346, 3), 'distributed': (182, 465), 'random_k': (4, 3)}
24 {'none': (0, 0), 'influencer': (328, 3), 'distributed': (268, 365), 'random_k': (7, 3)}
25 {'none': (0, 0), 'influencer': (215, 3), 'distributed': (181, 365), 'random_k': (0, 3)}
26 {'none': (0, 0), 'influencer': (306, 3), 'distributed': (190, 470), 'random_k': (0, 3)}
27 {'none': (0, 0), 'influencer': (223, 3), 'distributed': (284, 164), 'random_k': (1, 3)}
28 {'none': (0, 0), 'influencer': (203, 3), 'distributed': (196, 459), 'random_k': (0, 3)}
29 {'none': (0, 0), 'influencer': (300, 3), 'distributed': (220, 304), 'random_k': (5, 3)}
30 {'none': (0, 0), 'influencer': (260, 3), 'distributed': (212, 291), 'random_k': (1, 3)}
31 {'none': (0, 0), 'influencer': (201, 3), 'distributed': (281, 175), 'random_k': (13, 3)}
32 {'none': (0, 0), 'influencer': (211, 3), 'distributed': (190, 375), 'random_k': (11, 3)}
33 {'none': (0, 0), 'influencer': (256, 3), 'distributed': (245, 388), 'random_k': (1, 3)}
34 {'none': (0, 0), 'influencer': (297, 3), 'distributed': (212, 342), 'random_k': (0, 3)}
35 {'none': (0, 0), 'influencer': (145, 3), 'distributed': (148, 374), 'random_k': (0, 3)}
36 {'none': (0, 0), 'influencer': (413, 3), 'distributed': (226, 588), 'random_k': (0, 3)}
37 {'none': (0, 0), 'influencer': (148, 3), 'distributed': (152, 262), 'random_k': (0, 3)}
38 {'none': (0, 0), 'influencer': (310, 3), 'distributed': (300, 315), 'random_k': (1, 3)}
39 {'none': (0, 0), 'influencer': (314, 3), 'distributed': (231, 486), 'random_k': (0, 3)}
{
 "none": {
  "adopters": 0.0,
  "reach": 0.0,
  "events": 0.0,
  "t10": NaN,
  "t50": NaN,
  "hawkes_branching": NaN,
  "hawkes_beta": NaN,
  "adopt_frac": 0.0,
  "n_seeds": 0.0,
  "seed_reach": 0.0,
  "adopters_sd": 0.0
 },
 "influencer": {
  "adopters": 283.275,
  "reach": 864.575,
  "events": 322.4,
  "t10": 0.263611892707449,
  "t50": 1.8129116133095962,
  "hawkes_branching": 0.9541021911237804,
  "hawkes_beta": 4.5599209816158845,
  "adopt_frac": 0.1416375,
  "n_seeds": 3.0,
  "seed_reach": 954.625,
  "adopters_sd": 86.15638360503205
 },
 "distributed": {
  "adopters": 229.3,
  "reach": 905.15,
  "events": 246.025,
  "t10": 0.2117558446413707,
  "t50": 1.4988722854731271,
  "hawkes_branching": 0.9437668698326599,
  "hawkes_beta": 4.869973350781808,
  "adopt_frac": 0.11465,
  "n_seeds": 369.625,
  "seed_reach": 980.475,
  "adopters_sd": 48.684857857606865
 },
 "random_k": {
  "adopters": 2.075,
  "reach": 8.35,
  "events": 2.1,
  "t10": 0.7622811205469913,
  "t50": 1.2245080154910413,
  "hawkes_branching": NaN,
  "hawkes_beta": NaN,
  "adopt_frac": 0.0010375,
  "n_seeds": 3.0,
  "seed_reach": 9.0,
  "adopters_sd": 3.604751138321586
 }
}
{
 "adopters: influencer vs distributed": {
  "diff": 53.975,
  "p_wilcoxon": 0.001197398974516026
 },
 "adopters: influencer vs random_k": {
  "diff": 281.2,
  "p_wilcoxon": 3.5668648332760216e-08
 },
 "reach: influencer vs distributed": {
  "diff": -40.575,
  "p_wilcoxon": 0.17008811905543553
 },
 "reach: influencer vs random_k": {
  "diff": 856.225,
  "p_wilcoxon": 3.5668648332760216e-08
 },
 "t50: influencer vs distributed": {
  "diff": 0.3140393278364694,
  "p_wilcoxon": 0.0008436624721070984
 },
 "t50: influencer vs random_k": {
  "diff": 0.5293250324221932,
  "p_wilcoxon": 0.05316925048828125
 },
 "t10: influencer vs distributed": {
  "diff": 0.05185604806607824,
  "p_wilcoxon": 0.007264065483468585
 },
 "t10: influencer vs random_k": {
  "diff": -0.4962715319965749,
  "p_wilcoxon": 0.03276824951171875
 },
 "hawkes_branching: influencer vs distributed": {
  "diff": 0.010335321291120428,
  "p_wilcoxon": 0.02685272056623944
 }
}
