pmc 1 4766944
pmc 2 7009727
pmc 3 6306777
pmc 4 5971430
pmc 5 7009863
pmc 6 6889688
pmc 7 5901989
pmc 8 6503039
pmc 9 6687007
pmc 10 4997665
pmc 11 6745307
pmc 12 5494815
pmc 13 4666279
pmc 14 5863420
pmc 15 5091777
pmc 16 4728026
pmc 17 7026691
pmc 18 5610354
pmc 19 5746953
pmc 20 6664764
pmc 21 6036685
pmc 22 6414784
pmc 23 5103156
pmc 24 6460798
pmc 25 5895663
pmc 26 4550659
pmc 27 5063641
pmc 28 5017291
pmc 29 6300231
pmc 30 7123634
pmc 31 5554058
pmc 32 6588960
pmc 33 5315240
pmc 34 5975671
pmc 35 6583309
pmc 36 7671265
pmc 37 5762610
pmc 38 4722689
pmc 39 6022235
pmc 40 5569122
pmc 41 5218543
pmc 42 4820973
pmc 43 4889182
pmc 44 6106091
pmc 45 4873189
